[en.wikipedia.org/wiki/Main_Page.html]
[backblue.gif]
[fade.gif]
[index.html]
[en.wikipedia.org/wiki/android-app_/org.wikipedia/http/en.m.wikipedia.org/wiki/Main_Page]
[en.wikipedia.org/wiki/Android-app_/org.wikipedia/http/en.m.wikipedia.org/wiki/Main_Page]
[en.wikipedia.org/wiki/Free_content.html]
[en.wikipedia.org/wiki/Wikipedia.html]
[en.wikipedia.org/wiki/Wikipedia_Introduction.html]
[en.wikipedia.org/wiki/Encyclopedia.html]
[en.wikipedia.org/wiki/Special_Statistics.html]
[en.wikipedia.org/wiki/Portal_Arts.html]
[en.wikipedia.org/wiki/English_language.html]
[en.wikipedia.org/wiki/Portal_Biography.html]
[en.wikipedia.org/wiki/Portal_Geography.html]
[en.wikipedia.org/wiki/Portal_History.html]
[en.wikipedia.org/wiki/Portal_Science.html]
[en.wikipedia.org/wiki/Portal_Mathematics.html]
[en.wikipedia.org/wiki/Portal_Society.html]
[en.wikipedia.org/wiki/Portal_Technology.html]
[en.wikipedia.org/wiki/File_Sarcoscypha_coccinea_135022.html]
[en.wikipedia.org/wiki/Portal_Contents/Portals.html]
[en.wikipedia.org/wiki/Sarcoscypha_coccinea.html]
[en.wikipedia.org/wiki/Sarcoscyphaceae.html]
[en.wikipedia.org/wiki/Fungus.html]
[en.wikipedia.org/wiki/Pezizales.html]
[en.wikipedia.org/wiki/Northern_Hemisphere.html]
[en.wikipedia.org/wiki/Forest_floor.html]
[en.wikipedia.org/wiki/Ascocarp.html]
[en.wikipedia.org/wiki/Oneida_tribe.html]
[en.wikipedia.org/wiki/Imperfect_fungi.html]
[en.wikipedia.org/wiki/Biological_life_cycle.html]
[en.wikipedia.org/wiki/Sexual_reproduction.html]
[en.wikipedia.org/wiki/Japanese_battleship_Asahi.html]
[en.wikipedia.org/wiki/Isabella_Beeton.html]
[en.wikipedia.org/wiki/Morgan_dollar.html]
[en.wikipedia.org/wiki/Wikipedia_Today's_featured_article/March_2016.html]
[en.wikipedia.org/wiki/File_Aerial_Velocipede.html]
[en.wikipedia.org/wiki/Carl_Edgar_Myers.html]
[en.wikipedia.org/wiki/The_Bookworm_(short_story).html]
[en.wikipedia.org/wiki/Gilda_E.html]
[en.wikipedia.org/wiki/Wikipedia_Featured_articles.html]
[en.wikipedia.org/wiki/Aeluropus_lagopoides.html]
[en.wikipedia.org/wiki/Seawater.html]
[en.wikipedia.org/wiki/Mabel_Sine_Wadsworth.html]
[en.wikipedia.org/wiki/Jake_Doran.html]
[en.wikipedia.org/wiki/Birth_control.html]
[en.wikipedia.org/wiki/Mary_Dilys_Glynne.html]
[en.wikipedia.org/wiki/Maine.html]
[en.wikipedia.org/wiki/Plant_pathologist.html]
[en.wikipedia.org/wiki/Big_Bash_League.html]
[en.wikipedia.org/wiki/Mount_Fuji.html]
[en.wikipedia.org/wiki/Penile_injury.html]
[en.wikipedia.org/wiki/Wikipedia_Recent_additions.html]
[en.wikipedia.org/wiki/Wikipedia_Your_first_article.html]
[en.wikipedia.org/wiki/File_Total_Solar_Eclipse,_9_March_2016,_from_Balikpapan,_East_Kalimantan,_Indonesia.html]
[en.wikipedia.org/wiki/Balikpapan.html]
[en.wikipedia.org/wiki/March_2016_Ankara_bombing.html]
[en.wikipedia.org/wiki/Template_talk_Did_you_know.html]
[en.wikipedia.org/wiki/2016_Grand-Bassam_shootings.html]
[en.wikipedia.org/wiki/Grand-Bassam.html]
[en.wikipedia.org/wiki/Ankara.html]
[en.wikipedia.org/wiki/Google_DeepMind.html]
[en.wikipedia.org/wiki/AlphaGo.html]
[en.wikipedia.org/wiki/Lee_Sedol.html]
[en.wikipedia.org/wiki/AlphaGo_versus_Lee_Sedol.html]
[en.wikipedia.org/wiki/Solar_eclipse.html]
[en.wikipedia.org/wiki/Solar_eclipse_of_March_9,_2016.html]
[en.wikipedia.org/wiki/Slovak_parliamentary_election,_2016.html]
[en.wikipedia.org/wiki/Direction_–_Social_Democracy]
[en.wikipedia.org/wiki/Go_(game).html]
[en.wikipedia.org/wiki/Direction_–_Social_Democracy.html]
[en.wikipedia.org/wiki/National_Council_(Slovakia).html]
[en.wikipedia.org/wiki/Zika_virus_outbreak_(2015–present)]
[en.wikipedia.org/wiki/Portal_Current_events.html]
[en.wikipedia.org/wiki/Zika_virus_outbreak_(2015–present).html]
[en.wikipedia.org/wiki/Iolanda_Balaș]
[en.wikipedia.org/wiki/Deaths_in_2016.html]
[en.wikipedia.org/wiki/Iolanda_Balaș.html]
[en.wikipedia.org/wiki/European_migrant_crisis.html]
[en.wikipedia.org/wiki/Keith_Emerson.html]
[en.wikipedia.org/wiki/Ken_Adam.html]
[en.wikipedia.org/wiki/Clean_Monday.html]
[en.wikipedia.org/wiki/March_14.html]
[en.wikipedia.org/wiki/Nanakshahi_calendar.html]
[en.wikipedia.org/wiki/White_Day.html]
[en.wikipedia.org/wiki/Sikhism.html]
[en.wikipedia.org/wiki/Commonwealth_Day.html]
[en.wikipedia.org/wiki/File_Cotton_gin_EWM_2007.html]
[en.wikipedia.org/wiki/Pi_Day.html]
[en.wikipedia.org/wiki/Commonwealth_of_Nations.html]
[en.wikipedia.org/wiki/1794.html]
[en.wikipedia.org/wiki/Eli_Whitney.html]
[en.wikipedia.org/wiki/Cotton_gin.html]
[en.wikipedia.org/wiki/Cotton.html]
[en.wikipedia.org/wiki/The_Mikado.html]
[en.wikipedia.org/wiki/1885.html]
[en.wikipedia.org/wiki/Savoy_opera.html]
[en.wikipedia.org/wiki/Savoy_Theatre.html]
[en.wikipedia.org/wiki/Gilbert_and_Sullivan.html]
[en.wikipedia.org/wiki/Alam_Ara.html]
[en.wikipedia.org/wiki/London.html]
[en.wikipedia.org/wiki/1931.html]
[en.wikipedia.org/wiki/Sound_film.html]
[en.wikipedia.org/wiki/Cinema_of_India.html]
[en.wikipedia.org/wiki/1978.html]
[en.wikipedia.org/wiki/Israeli–Lebanese_conflict]
[en.wikipedia.org/wiki/Israeli–Lebanese_conflict.html]
[en.wikipedia.org/wiki/Israel_Defense_Forces.html]
[en.wikipedia.org/wiki/1978_South_Lebanon_conflict.html]
[en.wikipedia.org/wiki/Litani_River.html]
[en.wikipedia.org/wiki/Palestine_Liberation_Organization.html]
[en.wikipedia.org/wiki/1991.html]
[en.wikipedia.org/wiki/Birmingham_Six.html]
[en.wikipedia.org/wiki/Miscarriage_of_justice.html]
[en.wikipedia.org/wiki/Birmingham_pub_bombings.html]
[en.wikipedia.org/wiki/March_13.html]
[en.wikipedia.org/wiki/March_15.html]
[en.wikipedia.org/wiki/Wikipedia_Selected_anniversaries/March.html]
[en.wikipedia.org/wiki/List_of_historical_anniversaries.html]
[en.wikipedia.org/wiki/File_WNBA_Sue_Bird_cropped.html]
[en.wikipedia.org/wiki/Coordinated_Universal_Time.html]
[en.wikipedia.org/wiki/List_of_Connecticut_Huskies_in_the_WNBA_Draft.html]
[en.wikipedia.org/wiki/Women's_National_Basketball_Association.html]
[en.wikipedia.org/wiki/WNBA_Draft.html]
[en.wikipedia.org/wiki/Sue_Bird.html]
[en.wikipedia.org/wiki/2002_WNBA_Draft.html]
[en.wikipedia.org/wiki/Diana_Taurasi.html]
[en.wikipedia.org/wiki/2004_WNBA_Draft.html]
[en.wikipedia.org/wiki/2010_WNBA_Draft.html]
[en.wikipedia.org/wiki/Tina_Charles_(basketball).html]
[en.wikipedia.org/wiki/2011_WNBA_Draft.html]
[en.wikipedia.org/wiki/Maya_Moore.html]
[en.wikipedia.org/wiki/Connecticut_Huskies_women's_basketball.html]
[en.wikipedia.org/wiki/Rebecca_Lobo.html]
[en.wikipedia.org/wiki/1997_WNBA_Draft.html]
[en.wikipedia.org/wiki/Nykesha_Sales.html]
[en.wikipedia.org/wiki/1999_WNBA_Draft.html]
[en.wikipedia.org/wiki/WNBA_Rookie_of_the_Year_Award.html]
[en.wikipedia.org/wiki/WNBA_Most_Valuable_Player_Award.html]
[en.wikipedia.org/wiki/List_of_tributaries_of_Shamokin_Creek.html]
[en.wikipedia.org/wiki/List_of_Baileys_Women's_Prize_for_Fiction_winners.html]
[en.wikipedia.org/wiki/List_of_Alamo_defenders.html]
[en.wikipedia.org/wiki/Wikipedia_Today's_featured_list/March_2016.html]
[en.wikipedia.org/wiki/File_Gustave_Caillebotte_-Man_at_His_Bath.html]
[en.wikipedia.org/wiki/Wikipedia_Featured_lists.html]
[en.wikipedia.org/wiki/Homme_au_bain_(painting).html]
[en.wikipedia.org/wiki/Oil_painting.html]
[en.wikipedia.org/wiki/Impressionism.html]
[en.wikipedia.org/wiki/Gustave_Caillebotte.html]
[en.wikipedia.org/wiki/Canvas.html]
[en.wikipedia.org/wiki/Museum_of_Fine_Arts,_Boston.html]
[en.wikipedia.org/wiki/Nude.html]
[en.wikipedia.org/wiki/Template_POTD/2016-03-13.html]
[en.wikipedia.org/wiki/Template_POTD/2016-03-12.html]
[en.wikipedia.org/wiki/Template_POTD/2016-03-11.html]
[en.wikipedia.org/wiki/Wikipedia_Picture_of_the_day/March_2016.html]
[en.wikipedia.org/wiki/Wikipedia_Featured_pictures.html]
[en.wikipedia.org/wiki/Wikipedia_Community_portal.html]
[en.wikipedia.org/wiki/Wikipedia_Local_Embassy.html]
[en.wikipedia.org/wiki/Wikipedia_Help_desk.html]
[en.wikipedia.org/wiki/Wikipedia_Reference_desk.html]
[en.wikipedia.org/wiki/Wikipedia_News.html]
[en.wikipedia.org/wiki/Wikipedia_Village_pump.html]
[en.wikipedia.org/wiki/Wikimedia_Foundation.html]
[en.wikipedia.org/wiki/Special_CentralAutoLogin/starte375]
[en.wikipedia.org/wiki/Special_MyTalk.html]
[en.wikipedia.org/wiki/Special_MyContributions.html]
[en.wikipedia.org/wiki/Talk_Main_Page.html]
[en.wikipedia.org/wiki/Portal_Contents.html]
[en.wikipedia.org/wiki/Portal_Featured_content.html]
[en.wikipedia.org/wiki/Special_Random]
[en.wikipedia.org/wiki/National_Valley_Bank.html]
[en.wikipedia.org/wiki/Help_Contents.html]
[en.wikipedia.org/wiki/Special_RecentChanges.html]
[en.wikipedia.org/wiki/Wikipedia_About.html]
[en.wikipedia.org/wiki/Wikipedia_Contact_us.html]
[en.wikipedia.org/wiki/Special_WhatLinksHere/Main_Page.html]
[en.wikipedia.org/wiki/Special_RecentChangesLinked/Main_Page.html]
[en.wikipedia.org/wiki/Wikipedia_File_Upload_Wizard.html]
[en.wikipedia.org/wiki/Special_SpecialPages.html]
[en.wikipedia.org/wiki/Wikipedia_Text_of_Creative_Commons_Attribution-ShareAlike_3.html]
[en.wikipedia.org/wiki/Main_Page.html]
[en.wikipedia.org/wiki/Android-app_/org.wikipedia/http/en.m.wikipedia.org/wiki/Main_Page.html]
[en.wikipedia.org/wiki/Wikipedia_General_disclaimer.html]
[en.wikipedia.org/wiki/mw.TMHGalleryHook.js]
[en.wikipedia.org/wiki/Mw.TMHGalleryHook.js]
[en.wikipedia.org/wiki/android-app_/org.wikipedia/http/en.m.wikipedia.org/wiki/Wikipedia]
[en.wikipedia.org/wiki/Android-app_/org.wikipedia/http/en.m.wikipedia.org/wiki/Wikipedia]
[en.wikipedia.org/wiki/Wikipedia_Protection_policy.html]
[en.wikipedia.org/wiki/Wikipedia_(disambiguation).html]
[en.wikipedia.org/wiki/Wikipedia_Main_Page.html]
[en.wikipedia.org/wiki/File_Wikipedia-logo-v2.html]
[en.wikipedia.org/wiki/File_Wikipedia_wordmark.html]
[en.wikipedia.org/wiki/Logo_of_Wikipedia.html]
[en.wikipedia.org/wiki/Glyph.html]
[en.wikipedia.org/wiki/Writing_system.html]
[en.wikipedia.org/wiki/W.html]
[en.wikipedia.org/wiki/File_Wikipedia_Main_Page.html]
[en.wikipedia.org/wiki/Uniform_resource_locator.html]
[en.wikipedia.org/wiki/Slogan.html]
[en.wikipedia.org/wiki/Internet_encyclopedia.html]
[en.wikipedia.org/wiki/Registered_user.html]
[en.wikipedia.org/wiki/Creative_Commons_licenses.html]
[en.wikipedia.org/wiki/GFDL.html]
[en.wikipedia.org/wiki/Linux.html]
[en.wikipedia.org/wiki/Apache_HTTP_Server.html]
[en.wikipedia.org/wiki/MySQL.html]
[en.wikipedia.org/wiki/PHP.html]
[en.wikipedia.org/wiki/Jimmy_Wales.html]
[en.wikipedia.org/wiki/Larry_Sanger.html]
[en.wikipedia.org/wiki/File_En-uk-Wikipedia.html]
[en.wikipedia.org/wiki/Alexa_Internet.html]
[en.wikipedia.org/wiki/Help_IPA_for_English.html]
[en.wikipedia.org/wiki/File_En-us-Wikipedia.html]
[en.wikipedia.org/wiki/Wikipedia_Pronunciation_respelling_key.html]
[en.wikipedia.org/wiki/Gratis.html]
[en.wikipedia.org/wiki/Nonprofit_organization.html]
[en.wikipedia.org/wiki/Reference_work.html]
[en.wikipedia.org/wiki/Internet.html]
[en.wikipedia.org/wiki/Portmanteau.html]
[en.wikipedia.org/wiki/Wiki.html]
[en.wikipedia.org/wiki/Wikipedia_Multilingual_coordination.html]
[en.wikipedia.org/wiki/Multilingualism.html]
[en.wikipedia.org/wiki/Wikipedia_Five_million_articles.html]
[en.wikipedia.org/wiki/English_Wikipedia.html]
[en.wikipedia.org/wiki/Unique_visitor.html]
[en.wikipedia.org/wiki/Peer_review.html]
[en.wikipedia.org/wiki/Encyclopædia_Britannica]
[en.wikipedia.org/wiki/Nature_(journal).html]
[en.wikipedia.org/wiki/Encyclopædia_Britannica.html]
[en.wikipedia.org/wiki/Spin_(public_relations).html]
[en.wikipedia.org/wiki/Criticisms_of_Wikipedia.html]
[en.wikipedia.org/wiki/File_Jimmy_Wales_September_2015.html]
[en.wikipedia.org/wiki/Bias_in_Wikipedia.html]
[en.wikipedia.org/wiki/File_L_Sanger.html]
[en.wikipedia.org/wiki/File_Nupedia_logo_and_wordmark.html]
[en.wikipedia.org/wiki/History_of_Wikipedia.html]
[en.wikipedia.org/wiki/Nupedia.html]
[en.wikipedia.org/wiki/Bomis.html]
[en.wikipedia.org/wiki/Web_portal.html]
[en.wikipedia.org/wiki/Editing.html]
[en.wikipedia.org/wiki/Open_Content.html]
[en.wikipedia.org/wiki/GNU_Free_Documentation_License.html]
[en.wikipedia.org/wiki/Electronic_mailing_list.html]
[en.wikipedia.org/wiki/_/upload.wikimedia.org/wikipedia/commons/thumb/f/ff/How_Wikipedia_contributes_to_free_knowledge.webm/854px--How_Wikipedia_contributes_to_free_knowledge.webm.jpg_]
[en.wikipedia.org/wiki/Richard_Stallman.html]
[en.wikipedia.org/wiki/_/upload.wikimedia.org/wikipedia/commons/transcoded/f/ff/How_Wikipedia_contributes_to_free_knowledge.webm/How_Wikipedia_contributes_to_free_knowledge.webm.720p.webm_]
[en.wikipedia.org/wiki/_/upload.wikimedia.org/wikipedia/commons/transcoded/f/ff/How_Wikipedia_contributes_to_free_knowledge.webm/How_Wikipedia_contributes_to_free_knowledge.webm.480p.ogv_]
[en.wikipedia.org/wiki/_/upload.wikimedia.org/wikipedia/commons/transcoded/f/ff/How_Wikipedia_contributes_to_free_knowledge.webm/How_Wikipedia_contributes_to_free_knowledge.webm.480p.webm_]
[en.wikipedia.org/wiki/_/upload.wikimedia.org/wikipedia/commons/f/ff/How_Wikipedia_contributes_to_free_knowledge.webm_]
[en.wikipedia.org/wiki/_/upload.wikimedia.org/wikipedia/commons/transcoded/f/ff/How_Wikipedia_contributes_to_free_knowledge.webm/How_Wikipedia_contributes_to_free_knowledge.webm.1080p.webm_]
[en.wikipedia.org/wiki/_/upload.wikimedia.org/wikipedia/commons/transcoded/f/ff/How_Wikipedia_contributes_to_free_knowledge.webm/How_Wikipedia_contributes_to_free_knowledge.webm.160p.ogv_]
[en.wikipedia.org/wiki/_/upload.wikimedia.org/wikipedia/commons/transcoded/f/ff/How_Wikipedia_contributes_to_free_knowledge.webm/How_Wikipedia_contributes_to_free_knowledge.webm.240p.ogv_]
[en.wikipedia.org/wiki/_/upload.wikimedia.org/wikipedia/commons/transcoded/f/ff/How_Wikipedia_contributes_to_free_knowledge.webm/How_Wikipedia_contributes_to_free_knowledge.webm.360p.ogv_]
[en.wikipedia.org/wiki/_/upload.wikimedia.org/wikipedia/commons/transcoded/f/ff/How_Wikipedia_contributes_to_free_knowledge.webm/How_Wikipedia_contributes_to_free_knowledge.webm.360p.webm_]
[en.wikipedia.org/wiki/_https_/commons.wikimedia.org/w/indexb88d.php]
[en.wikipedia.org/wiki/_/upload.wikimedia.org/wikipedia/commons/f/ff/How_Wikipedia_contributes_to_free_knowledge.webm__download]
[en.wikipedia.org/wiki/_https_/www.mediawiki.org/wiki/Special_MyLanguage/Extension_TimedMediaHandler/Client_download__download]
[en.wikipedia.org/wiki/File_How_Wikipedia_contributes_to_free_knowledge.html]
[en.wikipedia.org/wiki/Paul_Kennedy_(host).html]
[en.wikipedia.org/wiki/Canadian_Broadcasting_Corporation.html]
[en.wikipedia.org/wiki/Web_search_engine.html]
[en.wikipedia.org/wiki/Yongle_Encyclopedia.html]
[en.wikipedia.org/wiki/Spanish_Wikipedia.html]
[en.wikipedia.org/wiki/Slashdot.html]
[en.wikipedia.org/wiki/Fork_(software_development).html]
[en.wikipedia.org/wiki/Enciclopedia_Libre_Universal_en_Español]
[en.wikipedia.org/wiki/Enciclopedia_Libre_Universal_en_Español.html]
[en.wikipedia.org/wiki/Palo_Alto_Research_Center.html]
[en.wikipedia.org/wiki/Rey_Juan_Carlos_University.html]
[en.wikipedia.org/wiki/Technology_Review.html]
[en.wikipedia.org/wiki/Madrid.html]
[en.wikipedia.org/wiki/Spain.html]
[en.wikipedia.org/wiki/New_York_(magazine).html]
[en.wikipedia.org/wiki/The_Atlantic.html]
[en.wikipedia.org/wiki/File_History_Wikipedia_English_SOPA_2012_Blackout2.html]
[en.wikipedia.org/wiki/_/upload.wikimedia.org/wikipedia/commons/thumb/4/4d/Wikipedia_Edit_2014.webm/854px--Wikipedia_Edit_2014.webm.jpg_]
[en.wikipedia.org/wiki/Stop_Online_Piracy_Act.html]
[en.wikipedia.org/wiki/_/upload.wikimedia.org/wikipedia/commons/transcoded/4/4d/Wikipedia_Edit_2014.webm/Wikipedia_Edit_2014.webm.720p.webm_]
[en.wikipedia.org/wiki/_/upload.wikimedia.org/wikipedia/commons/transcoded/4/4d/Wikipedia_Edit_2014.webm/Wikipedia_Edit_2014.webm.480p.ogv_]
[en.wikipedia.org/wiki/_/upload.wikimedia.org/wikipedia/commons/transcoded/4/4d/Wikipedia_Edit_2014.webm/Wikipedia_Edit_2014.webm.480p.webm_]
[en.wikipedia.org/wiki/_/upload.wikimedia.org/wikipedia/commons/transcoded/4/4d/Wikipedia_Edit_2014.webm/Wikipedia_Edit_2014.webm.1080p.webm_]
[en.wikipedia.org/wiki/_/upload.wikimedia.org/wikipedia/commons/4/4d/Wikipedia_Edit_2014.webm_]
[en.wikipedia.org/wiki/_/upload.wikimedia.org/wikipedia/commons/transcoded/4/4d/Wikipedia_Edit_2014.webm/Wikipedia_Edit_2014.webm.160p.ogv_]
[en.wikipedia.org/wiki/_/upload.wikimedia.org/wikipedia/commons/transcoded/4/4d/Wikipedia_Edit_2014.webm/Wikipedia_Edit_2014.webm.360p.ogv_]
[en.wikipedia.org/wiki/_/upload.wikimedia.org/wikipedia/commons/transcoded/4/4d/Wikipedia_Edit_2014.webm/Wikipedia_Edit_2014.webm.360p.webm_]
[en.wikipedia.org/wiki/_https_/commons.wikimedia.org/w/indexe2bf.php]
[en.wikipedia.org/wiki/_https_/commons.wikimedia.org/w/index9c62.php]
[en.wikipedia.org/wiki/_https_/commons.wikimedia.org/w/index629d.php]
[en.wikipedia.org/wiki/_https_/commons.wikimedia.org/w/index22f2.php]
[en.wikipedia.org/wiki/_https_/commons.wikimedia.org/w/indexe3d3.php]
[en.wikipedia.org/wiki/_https_/commons.wikimedia.org/w/index4938.php]
[en.wikipedia.org/wiki/_https_/commons.wikimedia.org/w/index143e.php]
[en.wikipedia.org/wiki/_https_/commons.wikimedia.org/w/indexf88e.php]
[en.wikipedia.org/wiki/_https_/commons.wikimedia.org/w/indexbde8.php]
[en.wikipedia.org/wiki/_https_/commons.wikimedia.org/w/indexbdb8.php]
[en.wikipedia.org/wiki/_https_/commons.wikimedia.org/w/index65ef.php]
[en.wikipedia.org/wiki/_https_/commons.wikimedia.org/w/index3f70.php]
[en.wikipedia.org/wiki/_https_/commons.wikimedia.org/w/indexd1b7.php]
[en.wikipedia.org/wiki/_https_/commons.wikimedia.org/w/index8051.php]
[en.wikipedia.org/wiki/_https_/commons.wikimedia.org/w/index51d0.php]
[en.wikipedia.org/wiki/_https_/commons.wikimedia.org/w/index6ef8.php]
[en.wikipedia.org/wiki/_https_/commons.wikimedia.org/w/index330b.php]
[en.wikipedia.org/wiki/_https_/commons.wikimedia.org/w/index107c.php]
[en.wikipedia.org/wiki/_https_/commons.wikimedia.org/w/indexd57d.php]
[en.wikipedia.org/wiki/_https_/commons.wikimedia.org/w/indexed35.php]
[en.wikipedia.org/wiki/_https_/commons.wikimedia.org/w/index5f6c.php]
[en.wikipedia.org/wiki/_https_/commons.wikimedia.org/w/indexd479.php]
[en.wikipedia.org/wiki/_/upload.wikimedia.org/wikipedia/commons/4/4d/Wikipedia_Edit_2014.webm__download]
[en.wikipedia.org/wiki/File_Wikipedia_Edit_2014.html]
[en.wikipedia.org/wiki/ComScore.html]
[en.wikipedia.org/wiki/Apple_Inc.html]
[en.wikipedia.org/wiki/Page_view.html]
[en.wikipedia.org/wiki/New_York_Times.html]
[en.wikipedia.org/wiki/PROTECT_IP_Act.html]
[en.wikipedia.org/wiki/2012_Wikipedia_blackout.html]
[en.wikipedia.org/wiki/Stigmergy.html]
[en.wikipedia.org/wiki/File_EnwikipediaGom.html]
[en.wikipedia.org/wiki/File_EnwikipediagrowthGom.html]
[en.wikipedia.org/wiki/File_Time_Between_Edits_Graph_Jul05-Present.html]
[en.wikipedia.org/wiki/File_History_Comparison_Example_(Vector).html]
[en.wikipedia.org/wiki/Procrastination.html]
[en.wikipedia.org/wiki/Help_Semi-protection.html]
[en.wikipedia.org/wiki/Administrators_(Wikipedia).html]
[en.wikipedia.org/wiki/Wikipedia_Pending_changes.html]
[en.wikipedia.org/wiki/German_Wikipedia.html]
[en.wikipedia.org/wiki/File_Wikipedia_editing_interface.html]
[en.wikipedia.org/wiki/Help_Recent_changes.html]
[en.wikipedia.org/wiki/Transaction_cost.html]
[en.wikipedia.org/wiki/Recent_changes.html]
[en.wikipedia.org/wiki/Vandalism_on_Wikipedia.html]
[en.wikipedia.org/wiki/Wikipedia_Spam.html]
[en.wikipedia.org/wiki/File_John_Seigenthaler_Sr._speaking.html]
[en.wikipedia.org/wiki/John_Seigenthaler.html]
[en.wikipedia.org/wiki/Seigenthaler_incident.html]
[en.wikipedia.org/wiki/Wikipedia_Seigenthaler_biography_incident.html]
[en.wikipedia.org/wiki/USA_Today.html]
[en.wikipedia.org/wiki/Freedom_Forum.html]
[en.wikipedia.org/wiki/First_Amendment_Center.html]
[en.wikipedia.org/wiki/Wikipedia_Biographies_of_living_persons.html]
[en.wikipedia.org/wiki/Vanderbilt_University.html]
[en.wikipedia.org/wiki/Wikipedia_Five_pillars.html]
[en.wikipedia.org/wiki/File_Jimbo_at_Fosdem_cropped.html]
[en.wikipedia.org/wiki/60_Minutes.html]
[en.wikipedia.org/wiki/Copyright.html]
[en.wikipedia.org/wiki/Wikipedia_List_of_policies_and_guidelines.html]
[en.wikipedia.org/wiki/Virginia.html]
[en.wikipedia.org/wiki/CBS.html]
[en.wikipedia.org/wiki/Wikipedia_Enforcement.html]
[en.wikipedia.org/wiki/Wikipedia_Content_policies.html]
[en.wikipedia.org/wiki/Wikipedia_Content_guidelines.html]
[en.wikipedia.org/wiki/Wikipedia_Wikipedia_is_not_a_dictionary.html]
[en.wikipedia.org/wiki/Notability_in_the_English_Wikipedia.html]
[en.wikipedia.org/wiki/Wikipedia_No_original_research.html]
[en.wikipedia.org/wiki/Wikipedia_Identifying_reliable_sources.html]
[en.wikipedia.org/wiki/Wikipedia_Neutral_point_of_view.html]
[en.wikipedia.org/wiki/Democracy.html]
[en.wikipedia.org/wiki/Anarchy.html]
[en.wikipedia.org/wiki/Tragedy_of_the_commons.html]
[en.wikipedia.org/wiki/Flow_(psychology).html]
[en.wikipedia.org/wiki/Wikipedia_Bureaucrats.html]
[en.wikipedia.org/wiki/Wikipedia_Dispute_resolution.html]
[en.wikipedia.org/wiki/Wikipedia_Requests_for_comment.html]
[en.wikipedia.org/wiki/Arbitration_Committee.html]
[en.wikipedia.org/wiki/Wikipedia_Probation.html]
[en.wikipedia.org/wiki/Wikipedia_BAN.html]
[en.wikipedia.org/wiki/Anti-social_behavior.html]
[en.wikipedia.org/wiki/Wikipedia_community.html]
[en.wikipedia.org/wiki/_/upload.wikimedia.org/wikipedia/commons/thumb/6/61/Wikimania_-_the_Wikimentary.webm/627px--Wikimania_-_the_Wikimentary.webm.jpg_]
[en.wikipedia.org/wiki/_/upload.wikimedia.org/wikipedia/commons/transcoded/6/61/Wikimania_-_the_Wikimentary.webm/Wikimania_-_the_Wikimentary.webm.160p.ogv_]
[en.wikipedia.org/wiki/_/upload.wikimedia.org/wikipedia/commons/transcoded/6/61/Wikimania_-_the_Wikimentary.webm/Wikimania_-_the_Wikimentary.webm.360p.ogv_]
[en.wikipedia.org/wiki/_/upload.wikimedia.org/wikipedia/commons/transcoded/6/61/Wikimania_-_the_Wikimentary.webm/Wikimania_-_the_Wikimentary.webm.360p.webm_]
[en.wikipedia.org/wiki/_/upload.wikimedia.org/wikipedia/commons/6/61/Wikimania_-_the_Wikimentary.webm_]
[en.wikipedia.org/wiki/_/upload.wikimedia.org/wikipedia/commons/6/61/Wikimania_-_the_Wikimentary.webm__download]
[en.wikipedia.org/wiki/File_Wikimania_-_the_Wikimentary.html]
[en.wikipedia.org/wiki/Wikimania.html]
[en.wikipedia.org/wiki/Frankfurt_am_Main.html]
[en.wikipedia.org/wiki/_/upload.wikimedia.org/wikipedia/commons/thumb/2/27/Editing_Hoxne_Hoard_at_the_British_Museum.ogv/716px--Editing_Hoxne_Hoard_at_the_British_Museum.ogv.jpg_]
[en.wikipedia.org/wiki/Germany.html]
[en.wikipedia.org/wiki/_/upload.wikimedia.org/wikipedia/commons/transcoded/2/27/Editing_Hoxne_Hoard_at_the_British_Museum.ogv/Editing_Hoxne_Hoard_at_the_British_Museum.ogv.480p.ogv_]
[en.wikipedia.org/wiki/_/upload.wikimedia.org/wikipedia/commons/transcoded/2/27/Editing_Hoxne_Hoard_at_the_British_Museum.ogv/Editing_Hoxne_Hoard_at_the_British_Museum.ogv.480p.webm_]
[en.wikipedia.org/wiki/_/upload.wikimedia.org/wikipedia/commons/transcoded/2/27/Editing_Hoxne_Hoard_at_the_British_Museum.ogv/Editing_Hoxne_Hoard_at_the_British_Museum.ogv.720p.webm_]
[en.wikipedia.org/wiki/_/upload.wikimedia.org/wikipedia/commons/transcoded/2/27/Editing_Hoxne_Hoard_at_the_British_Museum.ogv/Editing_Hoxne_Hoard_at_the_British_Museum.ogv.1080p.webm_]
[en.wikipedia.org/wiki/_/upload.wikimedia.org/wikipedia/commons/2/27/Editing_Hoxne_Hoard_at_the_British_Museum.ogv_]
[en.wikipedia.org/wiki/_/upload.wikimedia.org/wikipedia/commons/transcoded/2/27/Editing_Hoxne_Hoard_at_the_British_Museum.ogv/Editing_Hoxne_Hoard_at_the_British_Museum.ogv.160p.ogv_]
[en.wikipedia.org/wiki/_/upload.wikimedia.org/wikipedia/commons/transcoded/2/27/Editing_Hoxne_Hoard_at_the_British_Museum.ogv/Editing_Hoxne_Hoard_at_the_British_Museum.ogv.360p.ogv_]
[en.wikipedia.org/wiki/_/upload.wikimedia.org/wikipedia/commons/transcoded/2/27/Editing_Hoxne_Hoard_at_the_British_Museum.ogv/Editing_Hoxne_Hoard_at_the_British_Museum.ogv.360p.webm_]
[en.wikipedia.org/wiki/_/upload.wikimedia.org/wikipedia/commons/2/27/Editing_Hoxne_Hoard_at_the_British_Museum.ogv__download]
[en.wikipedia.org/wiki/File_Editing_Hoxne_Hoard_at_the_British_Museum.html]
[en.wikipedia.org/wiki/Hoxne_Hoard.html]
[en.wikipedia.org/wiki/Credential.html]
[en.wikipedia.org/wiki/British_Museum.html]
[en.wikipedia.org/wiki/Cult.html]
[en.wikipedia.org/wiki/Anti-elitism.html]
[en.wikipedia.org/wiki/Wikipedia_Barnstars.html]
[en.wikipedia.org/wiki/Aaron_Swartz.html]
[en.wikipedia.org/wiki/Special_ActiveUsers.html]
[en.wikipedia.org/wiki/IP_addresses.html]
[en.wikipedia.org/wiki/Business_Insider.html]
[en.wikipedia.org/wiki/Henry_Blodget.html]
[en.wikipedia.org/wiki/File_WMF_Strategic_Plan_Survey.html]
[en.wikipedia.org/wiki/Sue_Gardner.html]
[en.wikipedia.org/wiki/University_of_Minnesota.html]
[en.wikipedia.org/wiki/Dartmouth_College.html]
[en.wikipedia.org/wiki/Edit-a-thon.html]
[en.wikipedia.org/wiki/Swedish_Wikipedia.html]
[en.wikipedia.org/wiki/Cebuano_Wikipedia.html]
[en.wikipedia.org/wiki/List_of_Wikipedias.html]
[en.wikipedia.org/wiki/Dutch_Wikipedia.html]
[en.wikipedia.org/wiki/French_Wikipedia.html]
[en.wikipedia.org/wiki/Russian_Wikipedia.html]
[en.wikipedia.org/wiki/Waray-Waray_Wikipedia.html]
[en.wikipedia.org/wiki/Italian_Wikipedia.html]
[en.wikipedia.org/wiki/Polish_Wikipedia.html]
[en.wikipedia.org/wiki/Vietnamese_Wikipedia.html]
[en.wikipedia.org/wiki/Japanese_Wikipedia.html]
[en.wikipedia.org/wiki/Portuguese_Wikipedia.html]
[en.wikipedia.org/wiki/Chinese_Wikipedia.html]
[en.wikipedia.org/wiki/Ukrainian_Wikipedia.html]
[en.wikipedia.org/wiki/Subdomain.html]
[en.wikipedia.org/wiki/Catalan_Wikipedia.html]
[en.wikipedia.org/wiki/Persian_Wikipedia.html]
[en.wikipedia.org/wiki/Norwegian_Wikipedia.html]
[en.wikipedia.org/wiki/Serbo-Croatian_Wikipedia.html]
[en.wikipedia.org/wiki/World_Wide_Web.html]
[en.wikipedia.org/wiki/Color.html]
[en.wikipedia.org/wiki/File_User_-_demography.html]
[en.wikipedia.org/wiki/American_and_British_English_spelling_differences.html]
[en.wikipedia.org/wiki/Fair_use.html]
[en.wikipedia.org/wiki/Interwiki_links.html]
[en.wikipedia.org/wiki/PLOS_ONE.html]
[en.wikipedia.org/wiki/Simple_English_Wikipedia.html]
[en.wikipedia.org/wiki/North_America.html]
[en.wikipedia.org/wiki/Systemic_bias.html]
[en.wikipedia.org/wiki/Criticism_of_Wikipedia.html]
[en.wikipedia.org/wiki/Academic_studies_about_Wikipedia.html]
[en.wikipedia.org/wiki/Edwin_Black.html]
[en.wikipedia.org/wiki/The_Journal_of_Academic_Librarianship.html]
[en.wikipedia.org/wiki/The_Chronicle_of_Higher_Education.html]
[en.wikipedia.org/wiki/Wikipedia_Please_clarify.html]
[en.wikipedia.org/wiki/Wikipedia_Undue.html]
[en.wikipedia.org/wiki/Oliver_Kamm.html]
[en.wikipedia.org/wiki/Plagiarism.html]
[en.wikipedia.org/wiki/Confidence_interval.html]
[en.wikipedia.org/wiki/Reliability_of_Wikipedia.html]
[en.wikipedia.org/wiki/Tyler_Cowen.html]
[en.wikipedia.org/wiki/Accountability.html]
[en.wikipedia.org/wiki/Education_Next.html]
[en.wikipedia.org/wiki/Utility.html]
[en.wikipedia.org/wiki/Deutsche_Welle.html]
[en.wikipedia.org/wiki/Spam_(electronic).html]
[en.wikipedia.org/wiki/Troll_(Internet).html]
[en.wikipedia.org/wiki/Stephen_Colbert.html]
[en.wikipedia.org/wiki/Lecturer.html]
[en.wikipedia.org/wiki/Conflict-of-interest_editing_on_Wikipedia.html]
[en.wikipedia.org/wiki/Academia.html]
[en.wikipedia.org/wiki/The_Colbert_Report.html]
[en.wikipedia.org/wiki/Primary_source.html]
[en.wikipedia.org/wiki/The_Harvard_Crimson.html]
[en.wikipedia.org/wiki/Email.html]
[en.wikipedia.org/wiki/Syllabus.html]
[en.wikipedia.org/wiki/American_Library_Association.html]
[en.wikipedia.org/wiki/Harvard_University.html]
[en.wikipedia.org/wiki/Michael_Gorman_(librarian).html]
[en.wikipedia.org/wiki/Health_information_on_Wikipedia.html]
[en.wikipedia.org/wiki/James_Heilman.html]
[en.wikipedia.org/wiki/Roy_Rosenzweig.html]
[en.wikipedia.org/wiki/Google.html]
[en.wikipedia.org/wiki/James_M.html]
[en.wikipedia.org/wiki/William_Clarke_Quantrill.html]
[en.wikipedia.org/wiki/Thomas_Jefferson_University.html]
[en.wikipedia.org/wiki/American_Civil_War.html]
[en.wikipedia.org/wiki/Abraham_Lincoln.html]
[en.wikipedia.org/wiki/Cancer.html]
[en.wikipedia.org/wiki/Terabyte.html]
[en.wikipedia.org/wiki/Deletionism_and_inclusionism_in_Wikipedia.html]
[en.wikipedia.org/wiki/Human.html]
[en.wikipedia.org/wiki/Wikipedia_Wikipedia_is_not.html]
[en.wikipedia.org/wiki/Online_petition_on_Wikipedia_Muhammad_article.html]
[en.wikipedia.org/wiki/Censorship_of_Wikipedia.html]
[en.wikipedia.org/wiki/Muhammad.html]
[en.wikipedia.org/wiki/United_Kingdom.html]
[en.wikipedia.org/wiki/File_Wikipedia_content_by_subject.html]
[en.wikipedia.org/wiki/Wikipedia_Wikipedia_Loves_Libraries.html]
[en.wikipedia.org/wiki/New_York_Public_Library_for_the_Performing_Arts.html]
[en.wikipedia.org/wiki/Oxford_Internet_Institute.html]
[en.wikipedia.org/wiki/Pakistan.html]
[en.wikipedia.org/wiki/China.html]
[en.wikipedia.org/wiki/List_of_pornographic_actresses_by_decade.html]
[en.wikipedia.org/wiki/Africa.html]
[en.wikipedia.org/wiki/The_Guardian.html]
[en.wikipedia.org/wiki/Internet_culture.html]
[en.wikipedia.org/wiki/Women_writer.html]
[en.wikipedia.org/wiki/University_of_Oxford.html]
[en.wikipedia.org/wiki/Counterproductive_work_behavior.html]
[en.wikipedia.org/wiki/George_W.html]
[en.wikipedia.org/wiki/Anarchism.html]
[en.wikipedia.org/wiki/Croatia.html]
[en.wikipedia.org/wiki/Scientology.html]
[en.wikipedia.org/wiki/9/11_conspiracy_theories.html]
[en.wikipedia.org/wiki/Internet_Watch_Foundation_and_Wikipedia.html]
[en.wikipedia.org/wiki/Reporting_of_child_pornography_images_on_Wikimedia_Commons.html]
[en.wikipedia.org/wiki/Feces.html]
[en.wikipedia.org/wiki/Cadaver.html]
[en.wikipedia.org/wiki/Vulva.html]
[en.wikipedia.org/wiki/Human_penis.html]
[en.wikipedia.org/wiki/Nudity.html]
[en.wikipedia.org/wiki/Sexual_content.html]
[en.wikipedia.org/wiki/Ejaculation.html]
[en.wikipedia.org/wiki/Masturbation.html]
[en.wikipedia.org/wiki/Child_nudity.html]
[en.wikipedia.org/wiki/Zoophilia.html]
[en.wikipedia.org/wiki/Hardcore_pornography.html]
[en.wikipedia.org/wiki/Virgin_Killer.html]
[en.wikipedia.org/wiki/Music_of_Germany.html]
[en.wikipedia.org/wiki/Rock_band.html]
[en.wikipedia.org/wiki/Heavy_metal_music.html]
[en.wikipedia.org/wiki/Scorpions_(band).html]
[en.wikipedia.org/wiki/Prepubescent.html]
[en.wikipedia.org/wiki/Internet_service_provider.html]
[en.wikipedia.org/wiki/Child_pornography.html]
[en.wikipedia.org/wiki/Internet_Watch_Foundation.html]
[en.wikipedia.org/wiki/Wikimedia_Commons.html]
[en.wikipedia.org/wiki/United_States_obscenity_law.html]
[en.wikipedia.org/wiki/Lolicon.html]
[en.wikipedia.org/wiki/Pedophilia.html]
[en.wikipedia.org/wiki/Child_pornography_laws_in_the_United_States.html]
[en.wikipedia.org/wiki/Obscenity.html]
[en.wikipedia.org/wiki/Wikipediocracy.html]
[en.wikipedia.org/wiki/Privacy.html]
[en.wikipedia.org/wiki/Public_figure.html]
[en.wikipedia.org/wiki/Cyberspace.html]
[en.wikipedia.org/wiki/Real_life.html]
[en.wikipedia.org/wiki/Meatspace.html]
[en.wikipedia.org/wiki/Tron_(hacker).html]
[en.wikipedia.org/wiki/File_Sue_Gardner_Feb_2013_portrait_crop_2.html]
[en.wikipedia.org/wiki/Wikipedia_editors.html]
[en.wikipedia.org/wiki/OTRS.html]
[en.wikipedia.org/wiki/Harassment.html]
[en.wikipedia.org/wiki/Misogyny.html]
[en.wikipedia.org/wiki/Wikipedia_WikiProject.html]
[en.wikipedia.org/wiki/Sexism.html]
[en.wikipedia.org/wiki/File_Wikimedia_Foundation_RGB_logo_with_text.html]
[en.wikipedia.org/wiki/Wiktionary.html]
[en.wikipedia.org/wiki/Wikibooks.html]
[en.wikipedia.org/wiki/Lila_Tretikov.html]
[en.wikipedia.org/wiki/MediaWiki.html]
[en.wikipedia.org/wiki/Free_software.html]
[en.wikipedia.org/wiki/Wiki_software.html]
[en.wikipedia.org/wiki/Open_source_software.html]
[en.wikipedia.org/wiki/Macro_(computer_science).html]
[en.wikipedia.org/wiki/Variable_(programming).html]
[en.wikipedia.org/wiki/Transclusion.html]
[en.wikipedia.org/wiki/Web_template.html]
[en.wikipedia.org/wiki/URL_redirection.html]
[en.wikipedia.org/wiki/UseModWiki.html]
[en.wikipedia.org/wiki/GNU_General_Public_License.html]
[en.wikipedia.org/wiki/CamelCase.html]
[en.wikipedia.org/wiki/Perl.html]
[en.wikipedia.org/wiki/PhpWiki.html]
[en.wikipedia.org/wiki/Magnus_Manske.html]
[en.wikipedia.org/wiki/Exponential_growth.html]
[en.wikipedia.org/wiki/Lee_Daniel_Crocker.html]
[en.wikipedia.org/wiki/Lucene.html]
[en.wikipedia.org/wiki/VisualEditor.html]
[en.wikipedia.org/wiki/Java_(programming_language).html]
[en.wikipedia.org/wiki/Internet_bot.html]
[en.wikipedia.org/wiki/User_ClueBot_NG.html]
[en.wikipedia.org/wiki/Andrew_Lih.html]
[en.wikipedia.org/wiki/WikiProject.html]
[en.wikipedia.org/wiki/Social_group.html]
[en.wikipedia.org/wiki/Team.html]
[en.wikipedia.org/wiki/Women's_history.html]
[en.wikipedia.org/wiki/Wikipedia_Good_articles.html]
[en.wikipedia.org/wiki/Wikipedia_Database_reports/WikiProjects_by_changes.html]
[en.wikipedia.org/wiki/Main_page-2.html]
[en.wikipedia.org/wiki/Wikipedia_Version_1.html]
[en.wikipedia.org/wiki/Category_Top-importance_articles.html]
[en.wikipedia.org/wiki/Category_High-importance_articles.html]
[en.wikipedia.org/wiki/Category_Mid-importance_articles.html]
[en.wikipedia.org/wiki/Category_Low-importance_articles.html]
[en.wikipedia.org/wiki/Category_Unassessed-Class_articles.html]
[en.wikipedia.org/wiki/File_Featured_article_star.html]
[en.wikipedia.org/wiki/Category_FA-Class_articles.html]
[en.wikipedia.org/wiki/Category_FL-Class_articles.html]
[en.wikipedia.org/wiki/File_Symbol_a_class.html]
[en.wikipedia.org/wiki/Category_A-Class_articles.html]
[en.wikipedia.org/wiki/Category_GA-Class_articles.html]
[en.wikipedia.org/wiki/Category_B-Class_articles.html]
[en.wikipedia.org/wiki/Category_C-Class_articles.html]
[en.wikipedia.org/wiki/Category_Start-Class_articles.html]
[en.wikipedia.org/wiki/Category_Stub-Class_articles.html]
[en.wikipedia.org/wiki/Category_List-Class_articles.html]
[en.wikipedia.org/wiki/User_WP_1.html]
[en.wikipedia.org/wiki/Squid_(software).html]
[en.wikipedia.org/wiki/Linux_Virtual_Server.html]
[en.wikipedia.org/wiki/Wikipedia_Manual_of_Style/Dates_and_numbers.html]
[en.wikipedia.org/wiki/Cluster_(computing).html]
[en.wikipedia.org/wiki/Equinix.html]
[en.wikipedia.org/wiki/Ubuntu_(operating_system).html]
[en.wikipedia.org/wiki/Amsterdam.html]
[en.wikipedia.org/wiki/Ashburn,_Virginia.html]
[en.wikipedia.org/wiki/File_Wikimedia-servers-2010-12-28.html]
[en.wikipedia.org/wiki/Industrial_organization.html]
[en.wikipedia.org/wiki/Porter_five_forces_analysis.html]
[en.wikipedia.org/wiki/Fast_second.html]
[en.wikipedia.org/wiki/Wikipedia_Signpost.html]
[en.wikipedia.org/wiki/Wikimedia_project.html]
[en.wikipedia.org/wiki/Wikipedia_Wikipedia_Weekly.html]
[en.wikipedia.org/wiki/Wikipedia_BUGLE.html]
[en.wikipedia.org/wiki/Wikipedia_Milhist.html]
[en.wikipedia.org/wiki/Wikipedia_GOCE.html]
[en.wikipedia.org/wiki/File_Imagina_un_mundo_donde_cada_persona_tenga_acceso_a_todo_el_conocimiento_humano..html]
[en.wikipedia.org/wiki/Copyleft.html]
[en.wikipedia.org/wiki/GPL.html]
[en.wikipedia.org/wiki/Free_Software_Foundation.html]
[en.wikipedia.org/wiki/Creative_Commons_license.html]
[en.wikipedia.org/wiki/Wikipedia_Licensing_update.html]
[en.wikipedia.org/wiki/Copyright_law_of_Japan.html]
[en.wikipedia.org/wiki/Creative_Commons.html]
[en.wikipedia.org/wiki/Mirror_website.html]
[en.wikipedia.org/wiki/Reference.html]
[en.wikipedia.org/wiki/Answers.html]
[en.wikipedia.org/wiki/Wapedia.html]
[en.wikipedia.org/wiki/Hand-held_device.html]
[en.wikipedia.org/wiki/IOS.html]
[en.wikipedia.org/wiki/Wikipedia_App.html]
[en.wikipedia.org/wiki/Bing.html]
[en.wikipedia.org/wiki/Android_(operating_system).html]
[en.wikipedia.org/wiki/Powerset_(company).html]
[en.wikipedia.org/wiki/DuckDuckGo.html]
[en.wikipedia.org/wiki/Optical_disc.html]
[en.wikipedia.org/wiki/Wikipedia_CD_Selection.html]
[en.wikipedia.org/wiki/SOS_Children's_Villages_UK.html]
[en.wikipedia.org/wiki/National_Curriculum_(UK).html]
[en.wikipedia.org/wiki/Print_on_demand.html]
[en.wikipedia.org/wiki/Books_LLC.html]
[en.wikipedia.org/wiki/VDM_Publishing.html]
[en.wikipedia.org/wiki/DBpedia.html]
[en.wikipedia.org/wiki/Mauritius.html]
[en.wikipedia.org/wiki/Wikidata.html]
[en.wikipedia.org/wiki/Semantic_Web.html]
[en.wikipedia.org/wiki/Resource_Description_Framework.html]
[en.wikipedia.org/wiki/Web_crawler.html]
[en.wikipedia.org/wiki/Wikipedia_Database_download.html]
[en.wikipedia.org/wiki/Wikipedia_REFDESK.html]
[en.wikipedia.org/wiki/Journal_of_Documentation.html]
[en.wikipedia.org/wiki/Library_reference_desk.html]
[en.wikipedia.org/wiki/Help_Mobile_access.html]
[en.wikipedia.org/wiki/File_Android_2.2_GT-I5800.html]
[en.wikipedia.org/wiki/Web_browser.html]
[en.wikipedia.org/wiki/Mobile_web.html]
[en.wikipedia.org/wiki/Wireless_Application_Protocol.html]
[en.wikipedia.org/wiki/Internet_access.html]
[en.wikipedia.org/wiki/WebOS.html]
[en.wikipedia.org/wiki/Wikipedia_Metadata.html]
[en.wikipedia.org/wiki/Metadata.html]
[en.wikipedia.org/wiki/Wikipedia_Zero.html]
[en.wikipedia.org/wiki/Geoinformation.html]
[en.wikipedia.org/wiki/Andrew_Brown_(writer).html]
[en.wikipedia.org/wiki/IPhone.html]
[en.wikipedia.org/wiki/MIT_Technology_Review.html]
[en.wikipedia.org/wiki/Wikipedian.html]
[en.wikipedia.org/wiki/Smart_phone.html]
[en.wikipedia.org/wiki/Status_quo.html]
[en.wikipedia.org/wiki/Logistic_function.html]
[en.wikipedia.org/wiki/Pew_Research_Center.html]
[en.wikipedia.org/wiki/File_Wikipedia_Monument_in_Słubice_-_detail.JPG]
[en.wikipedia.org/wiki/Wikipedia_in_culture.html]
[en.wikipedia.org/wiki/File_Wikipedia_Monument_in_Słubice_-_detail.html]
[en.wikipedia.org/wiki/Wikipedia_Monument.html]
[en.wikipedia.org/wiki/Słubice]
[en.wikipedia.org/wiki/Słubice.html]
[en.wikipedia.org/wiki/Parliament_of_Canada.html]
[en.wikipedia.org/wiki/Civil_Marriage_Act.html]
[en.wikipedia.org/wiki/World_Intellectual_Property_Organization.html]
[en.wikipedia.org/wiki/United_States_Intelligence_Community.html]
[en.wikipedia.org/wiki/RNA_Biology.html]
[en.wikipedia.org/wiki/Same-sex_marriage.html]
[en.wikipedia.org/wiki/Rfam.html]
[en.wikipedia.org/wiki/Time_(magazine).html]
[en.wikipedia.org/wiki/Reddit.html]
[en.wikipedia.org/wiki/MySpace.html]
[en.wikipedia.org/wiki/BBC_Radio_4.html]
[en.wikipedia.org/wiki/The_Hoover_Company.html]
[en.wikipedia.org/wiki/Coca-Cola.html]
[en.wikipedia.org/wiki/YouTube.html]
[en.wikipedia.org/wiki/Facebook.html]
[en.wikipedia.org/wiki/Franco_Grillini.html]
[en.wikipedia.org/wiki/Freedom_of_panorama.html]
[en.wikipedia.org/wiki/Italy.html]
[en.wikipedia.org/wiki/_/upload.wikimedia.org/wikipedia/commons/thumb/3/33/Wikipedia,_an_introduction_-_Erasmus_Prize_2015.webm/854px--Wikipedia,_an_introduction_-_Erasmus_Prize_2015.webm.jpg_]
[en.wikipedia.org/wiki/_/upload.wikimedia.org/wikipedia/commons/transcoded/3/33/Wikipedia,_an_introduction_-_Erasmus_Prize_2015.webm/Wikipedia,_an_introduction_-_Erasmus_Prize_2015.webm.480p.webm_]
[en.wikipedia.org/wiki/_/upload.wikimedia.org/wikipedia/commons/transcoded/3/33/Wikipedia,_an_introduction_-_Erasmus_Prize_2015.webm/Wikipedia,_an_introduction_-_Erasmus_Prize_2015.webm.720p.webm_]
[en.wikipedia.org/wiki/_/upload.wikimedia.org/wikipedia/commons/transcoded/3/33/Wikipedia,_an_introduction_-_Erasmus_Prize_2015.webm/Wikipedia,_an_introduction_-_Erasmus_Prize_2015.webm.480p.ogv_]
[en.wikipedia.org/wiki/_/upload.wikimedia.org/wikipedia/commons/3/33/Wikipedia,_an_introduction_-_Erasmus_Prize_2015.webm_]
[en.wikipedia.org/wiki/_/upload.wikimedia.org/wikipedia/commons/transcoded/3/33/Wikipedia,_an_introduction_-_Erasmus_Prize_2015.webm/Wikipedia,_an_introduction_-_Erasmus_Prize_2015.webm.1080p.webm_]
[en.wikipedia.org/wiki/_/upload.wikimedia.org/wikipedia/commons/transcoded/3/33/Wikipedia,_an_introduction_-_Erasmus_Prize_2015.webm/Wikipedia,_an_introduction_-_Erasmus_Prize_2015.webm.160p.ogv_]
[en.wikipedia.org/wiki/_/upload.wikimedia.org/wikipedia/commons/transcoded/3/33/Wikipedia,_an_introduction_-_Erasmus_Prize_2015.webm/Wikipedia,_an_introduction_-_Erasmus_Prize_2015.webm.240p.ogv_]
[en.wikipedia.org/wiki/_/upload.wikimedia.org/wikipedia/commons/transcoded/3/33/Wikipedia,_an_introduction_-_Erasmus_Prize_2015.webm/Wikipedia,_an_introduction_-_Erasmus_Prize_2015.webm.360p.webm_]
[en.wikipedia.org/wiki/_/upload.wikimedia.org/wikipedia/commons/transcoded/3/33/Wikipedia,_an_introduction_-_Erasmus_Prize_2015.webm/Wikipedia,_an_introduction_-_Erasmus_Prize_2015.webm.360p.ogv_]
[en.wikipedia.org/wiki/_/upload.wikimedia.org/wikipedia/commons/3/33/Wikipedia,_an_introduction_-_Erasmus_Prize_2015.webm__download]
[en.wikipedia.org/wiki/File_Wikipedia,_an_introduction_-_Erasmus_Prize_2015.html]
[en.wikipedia.org/wiki/Erasmus_Prize.html]
[en.wikipedia.org/wiki/File_Quadriga-verleihung-rr-02.html]
[en.wikipedia.org/wiki/Quadriga_(award).html]
[en.wikipedia.org/wiki/The_Washington_Post.html]
[en.wikipedia.org/wiki/Reuters.html]
[en.wikipedia.org/wiki/File_Wikipedia_team_visiting_to_Parliament_of_Oviedo_Spain_2015.html]
[en.wikipedia.org/wiki/File_Spain_wikipedians_photo.html]
[en.wikipedia.org/wiki/Prix_Ars_Electronica.html]
[en.wikipedia.org/wiki/Webby_Award.html]
[en.wikipedia.org/wiki/Austria.html]
[en.wikipedia.org/wiki/United_States_presidential_election,_2008.html]
[en.wikipedia.org/wiki/Boris_Tadić]
[en.wikipedia.org/wiki/Boris_Tadić.html]
[en.wikipedia.org/wiki/Eckart_Höfling]
[en.wikipedia.org/wiki/Eckart_Höfling.html]
[en.wikipedia.org/wiki/Peter_Gabriel.html]
[en.wikipedia.org/wiki/David_Weinberger.html]
[en.wikipedia.org/wiki/Princess_of_Asturias_Award.html]
[en.wikipedia.org/wiki/Asturian_language.html]
[en.wikipedia.org/wiki/Asturian_Wikipedia.html]
[en.wikipedia.org/wiki/Category_Parodies_of_Wikipedia.html]
[en.wikipedia.org/wiki/Wikiality.html]
[en.wikipedia.org/wiki/The_Onion.html]
[en.wikipedia.org/wiki/The_Office_(U.S.html]
[en.wikipedia.org/wiki/Negotiation.html]
[en.wikipedia.org/wiki/Michael_Scott_(The_Office).html]
[en.wikipedia.org/wiki/My_Number_One_Doctor.html]
[en.wikipedia.org/wiki/Scrubs_(TV_series).html]
[en.wikipedia.org/wiki/Perry_Cox.html]
[en.wikipedia.org/wiki/Raw_food_diet.html]
[en.wikipedia.org/wiki/Bone_cancer.html]
[en.wikipedia.org/wiki/List_of_Battlestar_Galactica_(2004_TV_series)_episodes.html]
[en.wikipedia.org/wiki/CollegeHumor.html]
[en.wikipedia.org/wiki/Dilbert.html]
[en.wikipedia.org/wiki/Bigipedia.html]
[en.wikipedia.org/wiki/Tosh.html]
[en.wikipedia.org/wiki/Website.html]
[en.wikipedia.org/wiki/John_Julius_Norwich.html]
[en.wikipedia.org/wiki/Bradley_Manning.html]
[en.wikipedia.org/wiki/The_Times.html]
[en.wikipedia.org/wiki/The_New_Yorker.html]
[en.wikipedia.org/wiki/Wikimedia_projects.html]
[en.wikipedia.org/wiki/Wikiquote.html]
[en.wikipedia.org/wiki/Wikinews.html]
[en.wikipedia.org/wiki/Wikiversity.html]
[en.wikipedia.org/wiki/Wikispecies.html]
[en.wikipedia.org/wiki/Wikivoyage.html]
[en.wikipedia.org/wiki/File_WikiMedia_DC_2013_Annual_Meeting_08.html]
[en.wikipedia.org/wiki/Nicholas_G.html]
[en.wikipedia.org/wiki/Encyclopaedia_Britannica.html]
[en.wikipedia.org/wiki/User-generated_content.html]
[en.wikipedia.org/wiki/Web_2.html]
[en.wikipedia.org/wiki/Chris_Anderson_(writer).html]
[en.wikipedia.org/wiki/Wired_(magazine).html]
[en.wikipedia.org/wiki/Wisdom_of_crowds.html]
[en.wikipedia.org/wiki/Scientific_journal.html]
[en.wikipedia.org/wiki/Kathryn_Hughes.html]
[en.wikipedia.org/wiki/Computational_linguistics.html]
[en.wikipedia.org/wiki/Information_retrieval.html]
[en.wikipedia.org/wiki/Text_corpus.html]
[en.wikipedia.org/wiki/Natural_language_processing.html]
[en.wikipedia.org/wiki/Entity_linking.html]
[en.wikipedia.org/wiki/Word_sense_disambiguation.html]
[en.wikipedia.org/wiki/University_of_Franche-Comté]
[en.wikipedia.org/wiki/University_of_Franche-Comté.html]
[en.wikipedia.org/wiki/Besançon]
[en.wikipedia.org/wiki/Paul_Sabatier_University.html]
[en.wikipedia.org/wiki/Besançon.html]
[en.wikipedia.org/wiki/BBC_Domesday_Project.html]
[en.wikipedia.org/wiki/PageRank.html]
[en.wikipedia.org/wiki/Toulouse.html]
[en.wikipedia.org/wiki/H2g2.html]
[en.wikipedia.org/wiki/BBC_Micro.html]
[en.wikipedia.org/wiki/GNE_(encyclopedia).html]
[en.wikipedia.org/wiki/Knowledge_base.html]
[en.wikipedia.org/wiki/Everything2.html]
[en.wikipedia.org/wiki/Susning.html]
[en.wikipedia.org/wiki/Hudong.html]
[en.wikipedia.org/wiki/Douglas_Adams.html]
[en.wikipedia.org/wiki/Baidu_Baike.html]
[en.wikipedia.org/wiki/Conservapedia.html]
[en.wikipedia.org/wiki/Encyclopedia_of_Life.html]
[en.wikipedia.org/wiki/Scholarpedia.html]
[en.wikipedia.org/wiki/Citizendium.html]
[en.wikipedia.org/wiki/File_Crystal_Clear_app_browser.html]
[en.wikipedia.org/wiki/Portal_Internet.html]
[en.wikipedia.org/wiki/Tree_structure.html]
[en.wikipedia.org/wiki/Outline_of_Wikipedia.html]
[en.wikipedia.org/wiki/Democratization_of_knowledge.html]
[en.wikipedia.org/wiki/Interpedia.html]
[en.wikipedia.org/wiki/Portal_Contents/Outlines.html]
[en.wikipedia.org/wiki/List_of_Internet_encyclopedias.html]
[en.wikipedia.org/wiki/Print_Wikipedia.html]
[en.wikipedia.org/wiki/Network_effect.html]
[en.wikipedia.org/wiki/QRpedia.html]
[en.wikipedia.org/wiki/Wikipedia_Review.html]
[en.wikipedia.org/wiki/Special_Search/intitle__Wikipedia_.html]
[en.wikipedia.org/wiki/Special_PrefixIndex/Wikipedia.html]
[en.wikipedia.org/wiki/Cf.html]
[en.wikipedia.org/wiki/U-T_San_Diego.html]
[en.wikipedia.org/wiki/Hitwise.html]
[en.wikipedia.org/wiki/Salt_Lake_City_Weekly.html]
[en.wikipedia.org/wiki/The_San_Diego_Union-Tribune.html]
[en.wikipedia.org/wiki/CBS_News.html]
[en.wikipedia.org/wiki/Jim_Giles_(reporter).html]
[en.wikipedia.org/wiki/Bibcode.html]
[en.wikipedia.org/wiki/Digital_object_identifier.html]
[en.wikipedia.org/wiki/PubMed_Identifier.html]
[en.wikipedia.org/wiki/History_News_Network.html]
[en.wikipedia.org/wiki/Wikipedia_Multilingual_statistics.html]
[en.wikipedia.org/wiki/International_Standard_Book_Number.html]
[en.wikipedia.org/wiki/Clay_Shirky.html]
[en.wikipedia.org/wiki/Wikipedia_Modelling_Wikipedia_extended_growth.html]
[en.wikipedia.org/wiki/Special_BookSources/1-59420-153-6.html]
[en.wikipedia.org/wiki/Times_Internet_Limited.html]
[en.wikipedia.org/wiki/Jonathan_Zittrain.html]
[en.wikipedia.org/wiki/Open_access.html]
[en.wikipedia.org/wiki/Wikipedia_Tutorial/Registration.html]
[en.wikipedia.org/wiki/Special_BookSources/978-0-300-12487-3.html]
[en.wikipedia.org/wiki/Wikipedia_Full_protection.html]
[en.wikipedia.org/wiki/Wikipedia_New_pages_patrol.html]
[en.wikipedia.org/wiki/First_Monday_(journal).html]
[en.wikipedia.org/wiki/CHI_(conference).html]
[en.wikipedia.org/wiki/Wikipedia_Vandalism.html]
[en.wikipedia.org/wiki/SIGCHI.html]
[en.wikipedia.org/wiki/Association_for_Computing_Machinery.html]
[en.wikipedia.org/wiki/Sanibel_Island.html]
[en.wikipedia.org/wiki/Special_BookSources/1-58113-702-8.html]
[en.wikipedia.org/wiki/Farrar,_Straus_&_Giroux.html]
[en.wikipedia.org/wiki/Florida.html]
[en.wikipedia.org/wiki/BusinessWeek.html]
[en.wikipedia.org/wiki/Special_BookSources/978-0-374-29278-2.html]
[en.wikipedia.org/wiki/Wikipedia_Notability.html]
[en.wikipedia.org/wiki/Wikipedia_What_Wikipedia_is_not.html]
[en.wikipedia.org/wiki/International_Herald_Tribune.html]
[en.wikipedia.org/wiki/Wikipedia_Verifiability.html]
[en.wikipedia.org/wiki/Wikipedia_Ownership_of_articles.html]
[en.wikipedia.org/wiki/Wikipedia_Administrators.html]
[en.wikipedia.org/wiki/Wikipedia_RfA_Review/Reflect.html]
[en.wikipedia.org/wiki/Wikipedia_Edit_warring.html]
[en.wikipedia.org/wiki/Wikipedia_Dispute_Resolution-2.html]
[en.wikipedia.org/wiki/NBC_News.html]
[en.wikipedia.org/wiki/Emory_University_School_of_Law.html]
[en.wikipedia.org/wiki/Emory_Law_Journal.html]
[en.wikipedia.org/wiki/Fernanda_B._Viégas]
[en.wikipedia.org/wiki/Fernanda_B.html]
[en.wikipedia.org/wiki/Martin_M.html]
[en.wikipedia.org/wiki/IBM_Research.html]
[en.wikipedia.org/wiki/Kuro5hin.html]
[en.wikipedia.org/wiki/Viktoria_Institute.html]
[en.wikipedia.org/wiki/Special_BookSources/978-1-60558-007-4.html]
[en.wikipedia.org/wiki/Slate_(magazine).html]
[en.wikipedia.org/wiki/Wikipedia_Manual_of_Style/Spelling.html]
[en.wikipedia.org/wiki/Wikipedia_WikiProject_Countering_systemic_bias.html]
[en.wikipedia.org/wiki/Wikipedia_Translation.html]
[en.wikipedia.org/wiki/János_Kertész]
[en.wikipedia.org/wiki/János_Kertész.html]
[en.wikipedia.org/wiki/PC_World_(magazine).html]
[en.wikipedia.org/wiki/Stacy_Schiff.html]
[en.wikipedia.org/wiki/Bowling_Green_State_University.html]
[en.wikipedia.org/wiki/Blog.html]
[en.wikipedia.org/wiki/Berkman_Center_for_Internet_&_Society.html]
[en.wikipedia.org/wiki/Harvard_Law_School.html]
[en.wikipedia.org/wiki/Robert_McHenry.html]
[en.wikipedia.org/wiki/University_of_California,_Berkeley.html]
[en.wikipedia.org/wiki/TCS_Daily.html]
